
> pratik-yapay-zeka-astro@0.0.1 build
> astro build

[2m11:02:08[22m [34m[@astrojs/netlify][39m Enabling sessions with Netlify Blobs
[2m11:02:08[22m [34m[vite][39m Re-optimizing dependencies because vite config has changed
[2m11:02:09[22m [34m[types][39m Generated [2m760ms[22m
[2m11:02:09[22m [34m[build][39m output: [34m"static"[39m
[2m11:02:09[22m [34m[build][39m mode: [34m"server"[39m
[2m11:02:09[22m [34m[build][39m directory: [34mC:\Users\User\Projects\Pratik Yapay Zeka\pratik-yapay-zeka-astro\dist\[39m
[2m11:02:09[22m [34m[build][39m adapter: [32m@astrojs/netlify[39m
[2m11:02:09[22m [34m[build][39m Collecting build info...
[2m11:02:09[22m [34m[build][39m [32m✓ Completed in 832ms.[39m
[2m11:02:09[22m [34m[build][39m Building server entrypoints...
[33m[1m11:02:10[22m [WARN] [vite][39m 
/noise.png referenced in /noise.png didn't resolve at build time, it will remain unchanged to be resolved at runtime
[2m11:02:11[22m [34m[vite][39m [32m✓ built in 1.38s[39m
[2m11:02:12[22m [34m[vite][39m [32m✓ built in 1.00s[39m
[2m11:02:12[22m [34m[vite][39m [32m✓ built in 743ms[39m

[42m[30m prerendering static routes [39m[49m
[2m11:02:12[22m   [34m├─[39m [2m/404.html[22m [2m(+23ms)[22m 
[2m11:02:12[22m   [34m├─[39m [2m/chatgpt/index.html[22m [2m(+6ms)[22m 
[2m11:02:12[22m   [34m├─[39m [2m/cozumler/almanya-ihracat/index.html[22m [2m(+6ms)[22m 
[2m11:02:12[22m   [34m├─[39m [2m/cozumler/crm-otomasyonu/index.html[22m [2m(+8ms)[22m 
[2m11:02:12[22m   [34m├─[39m [2m/cozumler/lead-generation/index.html[22m [2m(+5ms)[22m 
[2m11:02:12[22m   [34m├─[39m [2m/cozumler/musteri-hizmeti-otomasyonu/index.html[22m [2m(+6ms)[22m 
[2m11:02:12[22m   [34m├─[39m [2m/cozumler/pazarlama-otomasyonu/index.html[22m [2m(+6ms)[22m 
[2m11:02:12[22m   [34m├─[39m [2m/cozumler/satis-otomasyonu/index.html[22m [2m(+6ms)[22m 
[2m11:02:12[22m   [34m├─[39m [2m/cozumler/index.html[22m [2m(+5ms)[22m 
[2m11:02:13[22m   [34m├─[39m [2m/gizlilik/index.html[22m [2m(+4ms)[22m 
[2m11:02:13[22m   [34m├─[39m [2m/hakkimizda/index.html[22m [2m(+5ms)[22m 
[2m11:02:13[22m   [34m├─[39m [2m/kullanim-kosullari/index.html[22m [2m(+4ms)[22m 
[2m11:02:13[22m   [34m├─[39m [2m/marketing-otomasyonu/index.html[22m [2m(+4ms)[22m 
[2m11:02:13[22m   [34m├─[39m [2m/satis-otomasyonu/index.html[22m [2m(+5ms)[22m 
[2m11:02:13[22m   [34m├─[39m [2m/vaka-calismalari/acilsatis/index.html[22m [2m(+6ms)[22m 
[2m11:02:13[22m   [34m├─[39m [2m/vaka-calismalari/car-studio-ai/index.html[22m [2m(+6ms)[22m 
[2m11:02:13[22m   [34m├─[39m [2m/vaka-calismalari/cemkimsan/index.html[22m [2m(+4ms)[22m 
[2m11:02:13[22m   [34m├─[39m [2m/vaka-calismalari/dkm-coach-bilge/index.html[22m [2m(+4ms)[22m 
[2m11:02:13[22m   [34m├─[39m [2m/vaka-calismalari/erpa-teknoloji/index.html[22m [2m(+5ms)[22m 
[2m11:02:13[22m   [34m├─[39m [2m/vaka-calismalari/salevium/index.html[22m [2m(+4ms)[22m 
[2m11:02:13[22m   [34m├─[39m [2m/vaka-calismalari/index.html[22m [2m(+4ms)[22m 
[2m11:02:13[22m   [34m├─[39m [2m/yapay-zeka-otomasyonu/index.html[22m [2m(+4ms)[22m 
[2m11:02:13[22m   [34m├─[39m [2m/index.html[22m [2m(+6ms)[22m 
[2m11:02:13[22m [32m✓ Completed in 175ms.
[39m
[2m11:02:13[22m [34m[build][39m Rearranging server assets...
[2m11:02:13[22m [34m[build][39m [32m✓ Completed in 4.06s.[39m
[2m11:02:13[22m [34m[@astrojs/netlify][39m Emitted _redirects
[2m11:02:13[22m [34m[@astrojs/netlify][39m Bundling function ..\..\..\build\entry.mjs
[2m11:02:15[22m [34m[@astrojs/netlify][39m Generated SSR Function
[2m11:02:15[22m [34m[@astrojs/sitemap][39m `sitemap-index.xml` created at `dist`
[2m11:02:15[22m [34m[build][39m Server built in [1m7.13s[22m
[2m11:02:15[22m [34m[build][39m [1mComplete![22m
