
> pratik-yapay-zeka-astro@0.0.1 build
> astro build

Batchvorgang abbrechen (J/N)? Batchvorgang abbrechen (J/N)? 